
---------Test 1a - Move all targets within range - 2 second interval between ---------
Latency:		16.1459 seconds
    Start Time:	2026-04-24 19:52:54.302505
    Stop Time:	2026-04-24 19:53:10.448439
Uav-Target Pairs:	{1: [14], 2: [18], 3: [16], 4: [11], 6: [12], 7: [13], 8: [17], 9: [13]}
Result:			Test Case FAILED. Some uavs are tracking the same targets.


---------Test 1b - Move all targets within range - 2 second interval between - Out of Order ---------
Latency:		16.1654 seconds
    Start Time:	2026-04-24 19:53:15.474602
    Stop Time:	2026-04-24 19:53:31.640038
Uav-Target Pairs:	{1: [13], 2: [11], 3: [14], 4: [19], 6: [12], 7: [17], 8: [18], 9: [12]}
Result:			Test Case FAILED. Some uavs are tracking the same targets.


---------Test 2a - Move 6 out of 8 targets within range - 2 second interval between ---------
Latency:		13.0171 seconds
    Start Time:	2026-04-24 19:53:36.663809
    Stop Time:	2026-04-24 19:53:49.680862
Uav-Target Pairs:	{1: [12], 4: [14], 6: [13], 7: [11], 9: [16], 8: [17]}
Result:			Test Case PASSED. All uavs are tracking different targets.


---------Test 2b - Move 6 out of 8 targets within range - 2 second interval between - Out of Order ---------
Latency:		12.1329 seconds
    Start Time:	2026-04-24 19:53:54.699722
    Stop Time:	2026-04-24 19:54:06.832577
Uav-Target Pairs:	{1: [12], 2: [19], 3: [14], 4: [17], 6: [11], 7: [13]}
Result:			Test Case PASSED. All uavs are tracking different targets.


---------Test 3a - Move all targets within range ---------
Latency:		7.6368 seconds
    Start Time:	2026-04-24 19:54:11.851877
    Stop Time:	2026-04-24 19:54:19.488712
Uav-Target Pairs:	{4: [13], 7: [12], 8: [11], 9: [16], 2: [14], 3: [17], 1: [18], 6: [19]}
Result:			Test Case PASSED. All uavs are tracking different targets.


---------Test 3b - Move all targets within range - Out of Order ---------
Latency:		7.0148 seconds
    Start Time:	2026-04-24 19:54:26.512161
    Stop Time:	2026-04-24 19:54:33.526921
Uav-Target Pairs:	{7: [12], 3: [11], 2: [14], 9: [16], 1: [14], 4: [13], 6: [17], 8: [18]}
Result:			Test Case FAILED. Some uavs are tracking the same targets.


---------Test 4 - Crash 1 UAV and move all targets within range ---------
Latency:		4.8710 seconds
    Start Time:	2026-04-24 19:54:40.549257
    Stop Time:	2026-04-24 19:54:45.420224
Uav-Target Pairs:	{1: [12], 6: [11], 7: [14], 8: [16], 2: [13], 4: [18], 9: [17]}
Result:			Test Case PASSED. All uavs are tracking different targets.


---------Test 5 - Crash 2 UAV and move all targets within range ---------
Latency:		6.3906 seconds
    Start Time:	2026-04-24 19:54:55.475847
    Stop Time:	2026-04-24 19:55:01.866412
Uav-Target Pairs:	{6: [11], 9: [12], 2: [16], 1: [13], 3: [14], 7: [16]}
Result:			Test Case FAILED. Some uavs are tracking the same targets.



Number of times uav-target pairings had all unique targets:	4
Number of times uav-target pairings had duplicate targets:	4
Average latency across all tests:	10.4218 seconds

